// Jest Snapshot v1, https://goo.gl/fbAQLP

exports[`Form component should render Form component 1`] = `
<form
  className="form"
  onSubmit={[Function]}
>
  <div
    className="form-group"
  >
    <div
      className="form-wrapper"
    >
      <label
        className="label"
        htmlFor="firstName"
      >
        First name
      </label>
      <input
        className="form-input"
        name="firstName"
        onChange={[Function]}
        type="text"
        value=""
      />
    </div>
    <div
      className="form-wrapper"
    >
      <label
        className="label"
        htmlFor="lastName"
      >
        Last name
      </label>
      <input
        className="form-input"
        name="lastName"
        onChange={[Function]}
        type="text"
        value=""
      />
    </div>
    <div
      className="form-wrapper"
    >
      <label
        className="label"
        htmlFor="phone"
      >
        Phone number
      </label>
      <input
        className="form-input"
        name="phone"
        onChange={[Function]}
        type="tel"
        value=""
      />
    </div>
    <div
      className="form-wrapper"
    >
      <label
        className="label"
        htmlFor="email"
      >
        Email
        <span
          className="required"
        >
          *
        </span>
      </label>
      <input
        className="form-input"
        name="email"
        onChange={[Function]}
        type="email"
        value=""
      />
      <div
        className=""
      />
    </div>
    <div
      className="buttons-group"
    >
      <button
        className="btn add-btn"
        type="submit"
      >
        Add Item
      </button>
      <button
        className="btn cancel-btn"
        onClick={[Function]}
      >
        Cancel
      </button>
      <button
        className="btn getdata-btn"
      >
        Get data
      </button>
      <button
        className="btn clear-btn"
        onClick={[Function]}
      >
        Clear
      </button>
    </div>
  </div>
</form>
`;
