// Jest Snapshot v1, https://goo.gl/fbAQLP

exports[`App component should render App component 1`] = `
<div
  className="App"
>
  <Form
    clearData={[Function]}
    getPost={[Function]}
    onItemAdded={[Function]}
  />
  <ItemList
    data={Array []}
  />
</div>
`;
